2026/05/29 20:17:13 [notice] 1#1: using the "epoll" event method
2026/05/29 20:17:13 [notice] 1#1: nginx/1.31.1
2026/05/29 20:17:13 [notice] 1#1: built by gcc 14.2.0 (Debian 14.2.0-19) 
2026/05/29 20:17:13 [notice] 1#1: OS: Linux 6.6.114.1-microsoft-standard-WSL2
2026/05/29 20:17:13 [notice] 1#1: getrlimit(RLIMIT_NOFILE): 1048576:1048576
2026/05/29 20:17:13 [notice] 1#1: start worker processes
2026/05/29 20:17:13 [notice] 1#1: start worker process 28
2026/05/29 20:17:13 [notice] 1#1: start worker process 29
2026/05/29 20:17:13 [notice] 1#1: start worker process 30
2026/05/29 20:17:13 [notice] 1#1: start worker process 31
2026/05/29 20:17:13 [notice] 1#1: start worker process 32
2026/05/29 20:17:13 [notice] 1#1: start worker process 33
2026/05/29 20:17:13 [notice] 1#1: start worker process 34
2026/05/29 20:17:13 [notice] 1#1: start worker process 35
2026/05/29 20:17:24 [error] 28#28: *1 connect() failed (111: Connection refused) while connecting to upstream, client: 172.20.0.1, server: , request: "GET / HTTP/1.1", upstream: "http://172.20.0.3:3000/", host: "localhost"
2026/05/29 20:17:24 [error] 28#28: *1 connect() failed (111: Connection refused) while connecting to upstream, client: 172.20.0.1, server: , request: "GET /favicon.ico HTTP/1.1", upstream: "http://172.20.0.3:3000/favicon.ico", host: "localhost", referrer: "http://localhost/"
2026/05/29 20:19:29 [notice] 1#1: signal 3 (SIGQUIT) received, shutting down
2026/05/29 20:19:29 [notice] 28#28: gracefully shutting down
2026/05/29 20:19:29 [notice] 29#29: gracefully shutting down
2026/05/29 20:19:29 [notice] 28#28: exiting
2026/05/29 20:19:29 [notice] 28#28: exit
2026/05/29 20:19:29 [notice] 32#32: gracefully shutting down
2026/05/29 20:19:29 [notice] 31#31: gracefully shutting down
2026/05/29 20:19:29 [notice] 30#30: gracefully shutting down
2026/05/29 20:19:29 [notice] 33#33: gracefully shutting down
2026/05/29 20:19:29 [notice] 34#34: gracefully shutting down
2026/05/29 20:19:29 [notice] 35#35: gracefully shutting down
2026/05/29 20:19:29 [notice] 29#29: exiting
2026/05/29 20:19:29 [notice] 32#32: exiting
2026/05/29 20:19:29 [notice] 29#29: exit
2026/05/29 20:19:29 [notice] 31#31: exiting
2026/05/29 20:19:29 [notice] 30#30: exiting
2026/05/29 20:19:29 [notice] 34#34: exiting
2026/05/29 20:19:29 [notice] 35#35: exiting
2026/05/29 20:19:29 [notice] 32#32: exit
2026/05/29 20:19:29 [notice] 31#31: exit
2026/05/29 20:19:29 [notice] 30#30: exit
2026/05/29 20:19:29 [notice] 34#34: exit
2026/05/29 20:19:29 [notice] 35#35: exit
2026/05/29 20:19:29 [notice] 1#1: signal 17 (SIGCHLD) received from 28
2026/05/29 20:19:29 [notice] 1#1: worker process 28 exited with code 0
2026/05/29 20:19:29 [notice] 1#1: worker process 34 exited with code 0
2026/05/29 20:19:29 [notice] 1#1: worker process 35 exited with code 0
2026/05/29 20:19:29 [notice] 1#1: signal 29 (SIGIO) received
2026/05/29 20:19:29 [notice] 1#1: signal 17 (SIGCHLD) received from 35
2026/05/29 20:19:29 [notice] 1#1: signal 17 (SIGCHLD) received from 32
2026/05/29 20:19:29 [notice] 1#1: worker process 29 exited with code 0
2026/05/29 20:19:29 [notice] 1#1: worker process 30 exited with code 0
2026/05/29 20:19:29 [notice] 1#1: worker process 32 exited with code 0
2026/05/29 20:19:29 [notice] 1#1: signal 29 (SIGIO) received
2026/05/29 20:19:29 [notice] 1#1: signal 17 (SIGCHLD) received from 30
2026/05/29 20:19:29 [notice] 1#1: signal 17 (SIGCHLD) received from 31
2026/05/29 20:19:29 [notice] 1#1: worker process 31 exited with code 0
2026/05/29 20:19:29 [notice] 1#1: signal 29 (SIGIO) received
2026/05/29 20:21:18 [notice] 1#1: using the "epoll" event method
2026/05/29 20:21:18 [notice] 1#1: nginx/1.31.1
2026/05/29 20:21:18 [notice] 1#1: built by gcc 14.2.0 (Debian 14.2.0-19) 
2026/05/29 20:21:18 [notice] 1#1: OS: Linux 6.6.114.1-microsoft-standard-WSL2
2026/05/29 20:21:18 [notice] 1#1: getrlimit(RLIMIT_NOFILE): 1048576:1048576
2026/05/29 20:21:18 [notice] 1#1: start worker processes
2026/05/29 20:21:18 [notice] 1#1: start worker process 28
2026/05/29 20:21:18 [notice] 1#1: start worker process 29
2026/05/29 20:21:18 [notice] 1#1: start worker process 30
2026/05/29 20:21:18 [notice] 1#1: start worker process 31
2026/05/29 20:21:18 [notice] 1#1: start worker process 32
2026/05/29 20:21:18 [notice] 1#1: start worker process 33
2026/05/29 20:21:18 [notice] 1#1: start worker process 34
2026/05/29 20:21:18 [notice] 1#1: start worker process 35
2026/05/29 20:21:24 [error] 28#28: *1 connect() failed (111: Connection refused) while connecting to upstream, client: 172.20.0.1, server: , request: "GET /socket.io/?EIO=4&transport=polling&t=PvrPX9x HTTP/1.1", upstream: "http://172.20.0.3:3000/socket.io/?EIO=4&transport=polling&t=PvrPX9x", host: "localhost", referrer: "http://localhost/"
2026/05/29 21:19:12 [notice] 1#1: signal 3 (SIGQUIT) received, shutting down
2026/05/29 21:19:12 [notice] 28#28: gracefully shutting down
2026/05/29 21:19:12 [notice] 35#35: gracefully shutting down
2026/05/29 21:19:12 [notice] 29#29: gracefully shutting down
2026/05/29 21:19:12 [notice] 30#30: gracefully shutting down
2026/05/29 21:19:12 [notice] 32#32: gracefully shutting down
2026/05/29 21:19:12 [notice] 32#32: exiting
2026/05/29 21:19:12 [notice] 31#31: gracefully shutting down
2026/05/29 21:19:12 [notice] 33#33: gracefully shutting down
2026/05/29 21:19:12 [notice] 32#32: exit
2026/05/29 21:19:12 [notice] 34#34: gracefully shutting down
2026/05/29 21:19:12 [notice] 35#35: exiting
2026/05/29 21:19:12 [notice] 35#35: exit
2026/05/29 21:19:12 [notice] 31#31: exiting
2026/05/29 21:19:12 [notice] 28#28: exiting
2026/05/29 21:19:12 [notice] 28#28: exit
2026/05/29 21:19:12 [notice] 29#29: exiting
2026/05/29 21:19:12 [notice] 31#31: exit
2026/05/29 21:19:12 [notice] 29#29: exit
2026/05/29 21:19:12 [notice] 34#34: exiting
2026/05/29 21:19:12 [notice] 34#34: exit
2026/05/29 21:19:12 [notice] 1#1: signal 17 (SIGCHLD) received from 28
2026/05/29 21:19:12 [notice] 1#1: worker process 28 exited with code 0
2026/05/29 21:19:12 [notice] 1#1: signal 29 (SIGIO) received
2026/05/29 21:19:12 [notice] 1#1: signal 17 (SIGCHLD) received from 29
2026/05/29 21:19:12 [notice] 1#1: worker process 29 exited with code 0
2026/05/29 21:19:12 [notice] 1#1: worker process 35 exited with code 0
2026/05/29 21:19:12 [notice] 1#1: signal 29 (SIGIO) received
2026/05/29 21:19:12 [notice] 1#1: signal 17 (SIGCHLD) received from 35
2026/05/29 21:19:12 [notice] 1#1: signal 17 (SIGCHLD) received from 32
2026/05/29 21:19:12 [notice] 1#1: worker process 31 exited with code 0
2026/05/29 21:19:12 [notice] 1#1: worker process 32 exited with code 0
2026/05/29 21:19:12 [notice] 1#1: worker process 34 exited with code 0
2026/05/29 21:19:12 [notice] 1#1: signal 29 (SIGIO) received
2026/05/29 21:19:12 [notice] 1#1: signal 17 (SIGCHLD) received from 34
2026/05/29 21:26:47 [notice] 1#1: using the "epoll" event method
2026/05/29 21:26:47 [notice] 1#1: nginx/1.31.1
2026/05/29 21:26:47 [notice] 1#1: built by gcc 14.2.0 (Debian 14.2.0-19) 
2026/05/29 21:26:47 [notice] 1#1: OS: Linux 6.6.114.1-microsoft-standard-WSL2
2026/05/29 21:26:47 [notice] 1#1: getrlimit(RLIMIT_NOFILE): 1048576:1048576
2026/05/29 21:26:47 [notice] 1#1: start worker processes
2026/05/29 21:26:47 [notice] 1#1: start worker process 28
2026/05/29 21:26:47 [notice] 1#1: start worker process 29
2026/05/29 21:26:47 [notice] 1#1: start worker process 30
2026/05/29 21:26:47 [notice] 1#1: start worker process 31
2026/05/29 21:26:47 [notice] 1#1: start worker process 32
2026/05/29 21:26:47 [notice] 1#1: start worker process 33
2026/05/29 21:26:47 [notice] 1#1: start worker process 34
2026/05/29 21:26:47 [notice] 1#1: start worker process 35
2026/05/29 21:26:48 [error] 30#30: *2 connect() failed (111: Connection refused) while connecting to upstream, client: 172.20.0.1, server: , request: "GET /socket.io/?EIO=4&transport=polling&t=PvreVAS HTTP/1.1", upstream: "http://172.20.0.3:3000/socket.io/?EIO=4&transport=polling&t=PvreVAS", host: "localhost", referrer: "http://localhost/"
2026/05/29 21:26:48 [error] 30#30: *1 connect() failed (111: Connection refused) while connecting to upstream, client: 172.20.0.1, server: , request: "GET /search/socket.io/?EIO=4&transport=polling&t=PvreVAS HTTP/1.1", upstream: "http://172.20.0.3:3000/search/socket.io/?EIO=4&transport=polling&t=PvreVAS", host: "localhost", referrer: "http://localhost/search?q=%3Cscript%3Ealert(1)%3C/script%3E"
2026/05/29 21:26:50 [error] 28#28: *6 connect() failed (111: Connection refused) while connecting to upstream, client: 172.20.0.1, server: , request: "GET /socket.io/?EIO=4&transport=polling&t=PvreVfg HTTP/1.1", upstream: "http://172.20.0.3:3000/socket.io/?EIO=4&transport=polling&t=PvreVfg", host: "localhost:80", referrer: "https://qdgtq2mf-80.euw.devtunnels.ms/"
2026/05/29 21:26:51 [error] 30#30: *1 connect() failed (111: Connection refused) while connecting to upstream, client: 172.20.0.1, server: , request: "GET /search/socket.io/?EIO=4&transport=polling&t=PvreVvJ HTTP/1.1", upstream: "http://172.20.0.3:3000/search/socket.io/?EIO=4&transport=polling&t=PvreVvJ", host: "localhost", referrer: "http://localhost/search?q=%3Cscript%3Ealert(1)%3C/script%3E"
2026/05/29 21:26:54 [error] 30#30: *1 connect() failed (111: Connection refused) while connecting to upstream, client: 172.20.0.1, server: , request: "GET /socket.io/?EIO=4&transport=polling&t=PvreWeA HTTP/1.1", upstream: "http://172.20.0.3:3000/socket.io/?EIO=4&transport=polling&t=PvreWeA", host: "localhost", referrer: "http://localhost/"
2026/05/29 21:26:54 [error] 30#30: *2 connect() failed (111: Connection refused) while connecting to upstream, client: 172.20.0.1, server: , request: "GET /search/socket.io/?EIO=4&transport=polling&t=PvreWeC HTTP/1.1", upstream: "http://172.20.0.3:3000/search/socket.io/?EIO=4&transport=polling&t=PvreWeC", host: "localhost", referrer: "http://localhost/search?q=%3Cscript%3Ealert(1)%3C/script%3E"
